{
    "id": "22a1db07-80a6-4578-b2d8-1d4b7326cae0",
    "name": "Test Department",
    "salaryBudget": 10000
}
